[2026-08-02T09:37:51.069597+00:00] Batch 13: attempt 1
Batch 13: 120 stocks, 360 requests needed (0 already cached, skipped)
  HTTP 402 (quota) at request 134/360 -- stopping this run early.
This run: 134 requests issued, 133 succeeded, 1 failed/queued
PAUSED: rate limit -- 226 requests still pending for batch 13. Re-run the same command to continue.
[2026-08-02T09:42:22.070286+00:00] Batch 13: rate-limited, sleeping 720s before retry
[2026-08-02T09:54:22.071528+00:00] Batch 13: attempt 2
Batch 13: 120 stocks, 227 requests needed (133 already cached, skipped)
  HTTP 402 (quota) at request 1/227 -- stopping this run early.
This run: 1 requests issued, 0 succeeded, 1 failed/queued
PAUSED: rate limit -- 226 requests still pending for batch 13. Re-run the same command to continue.
[2026-08-02T09:54:22.466403+00:00] Batch 13: rate-limited, sleeping 720s before retry
[2026-08-02T10:06:22.469258+00:00] Batch 13: attempt 3
Batch 13: 120 stocks, 227 requests needed (133 already cached, skipped)
  HTTP 402 (quota) at request 1/227 -- stopping this run early.
This run: 1 requests issued, 0 succeeded, 1 failed/queued
PAUSED: rate limit -- 226 requests still pending for batch 13. Re-run the same command to continue.
[2026-08-02T10:06:22.968388+00:00] Batch 13: rate-limited, sleeping 720s before retry
[2026-08-02T10:18:22.968814+00:00] Batch 13: attempt 4
Batch 13: 120 stocks, 227 requests needed (133 already cached, skipped)
  HTTP 402 (quota) at request 1/227 -- stopping this run early.
This run: 1 requests issued, 0 succeeded, 1 failed/queued
PAUSED: rate limit -- 226 requests still pending for batch 13. Re-run the same command to continue.
[2026-08-02T10:18:23.345510+00:00] Batch 13: rate-limited, sleeping 720s before retry
[2026-08-02T10:30:23.345730+00:00] Batch 13: attempt 5
Batch 13: 120 stocks, 227 requests needed (133 already cached, skipped)
  HTTP 402 (quota) at request 20/227 -- stopping this run early.
This run: 20 requests issued, 19 succeeded, 1 failed/queued
PAUSED: rate limit -- 207 requests still pending for batch 13. Re-run the same command to continue.
[2026-08-02T10:30:42.396678+00:00] Batch 13: rate-limited, sleeping 720s before retry
[2026-08-02T10:42:42.397115+00:00] Batch 13: attempt 6
Batch 13: 120 stocks, 208 requests needed (152 already cached, skipped)
This run: 208 requests issued, 208 succeeded, 0 failed/queued
{
  "batch_id": 13,
  "n_stocks": 120,
  "gate_pass": false,
  "stop_reasons": [
    "Dealer recurrence INSIDE the locked break window (new -- not seen in Phase 2A.2-R's 86-stock check): ['5547']"
  ],
  "warnings": [
    "missing-rate > 10% (governed by RP001_MISSINGNESS_POLICY.md, not a stop): 91 stocks",
    "listing-date gap > 30 days (governed by RP001_DAILY_INVESTABLE_UNIVERSE_SPEC_v2.md, not a stop): 24 stocks",
    "Dealer recurrence outside break window (governed by D-04 downgrade, not a stop): ['4931', '4951', '5220', '5228', '5236', '5245', '5299', '5548']"
  ],
  "high_missing_count": 91,
  "listing_violation_count": 24
}

GATE: STOP
[2026-08-02T10:46:26.601039+00:00] Batch 13: resolved, exit code 1
