[07:09:07] Universe: 2255 stocks
[07:09:07] Loading price data...
[07:09:12]   TaiwanStockPrice: loaded 500/2255 stocks...
[07:09:23]   TaiwanStockPrice: loaded 1000/2255 stocks...
[07:09:39]   TaiwanStockPrice: loaded 1500/2255 stocks...
[07:09:54] TaiwanStockPrice: 2098 non-empty stocks, 157 legitimately-empty stocks (skipped)
[07:09:58] Price panel: 6,267,742 rows
[07:09:58] Loading institutional data...
[07:10:33]   TaiwanStockInstitutionalInvestorsBuySell: loaded 500/2255 stocks...
[07:11:02]   TaiwanStockInstitutionalInvestorsBuySell: loaded 1000/2255 stocks...
[07:11:31]   TaiwanStockInstitutionalInvestorsBuySell: loaded 1500/2255 stocks...
[07:11:56] TaiwanStockInstitutionalInvestorsBuySell: 2096 non-empty stocks, 159 legitimately-empty stocks (skipped)
[07:12:06] Institutional long panel: 22,127,036 rows
[07:12:12] Trading Calendar Gate: excluded 16,459 institutional rows not on any confirmed market trading day (22,127,036 -> 22,110,577)
[07:12:12] Pivoting institutional data to wide format...
[07:12:36] Institutional wide panel: 4,909,456 rows, categories: ['Dealer', 'Dealer_Hedging', 'Dealer_self', 'Foreign_Dealer_Self', 'Foreign_Investor', 'Investment_Trust']
[07:12:44] Daily Investable Universe eligibility gate: 6,267,742 raw price rows -> 5,718,238 eligible rows (91.2%)
[07:12:44] Computing forward returns (locked horizon construction)...
[07:12:51] Merging panel (LEFT JOIN price(eligible) + institutional; NaN preserved per Missingness Policy)...
[07:12:59] Panel after merge: 5,718,238 rows x 14 cols
[07:13:08] Saved raw merged panel: C:\Users\user\Desktop\faos\rp001_data\phase2a\processed\rp001_confirmatory_panel_raw.parquet
[07:13:08] F_INST_01 (Foreign_Investor) coverage: 84.1% non-missing
[07:13:08] DONE
